# generated at 2026-08-29T07:50:08.270089+00:00 from aa23ad16161da136fddc38b4875fb0f616054d4f
场景 6：制造企业售后退款（顺利路径），无 key 确定性复现

待主管审批: 核算退款金额并写财务分录
语义审查: 金额按订单锁定的政策 v1 核算，依据 AS-01@v1；退款尚未发起，可放行

====================================================================
场景 6：制造企业售后退款（顺利路径）
====================================================================
Plan: DONE  |  处理客户对轴承订单的退款诉求：多源诉求已到，需按下单当时的政策核定并退款
  · 受理多源退款诉求并聚合证据                        DONE             attempt=1 risk=L
  · 按下单锁定的政策版本裁定退款资格                     DONE             attempt=1 risk=L
  · 核算退款金额并写财务分录                         DONE             attempt=1 risk=M
  · 发起退款并观察网关终态                          DONE             attempt=1 risk=M
  · 通知客户退款结果                             DONE             attempt=1 risk=L
  状态迁移轨迹:
    task-s6-intake  PENDING          -> DISPATCHED       [dispatch]
    task-s6-intake  DISPATCHED       -> RUNNING          [claim]
    task-s6-intake  RUNNING          -> AWAITING_REVIEW  [submit_result]
    task-s6-intake  AWAITING_REVIEW  -> DONE             [gate_pass]
    task-s6-policy  PENDING          -> DISPATCHED       [dispatch]
    task-s6-policy  DISPATCHED       -> RUNNING          [claim]
    task-s6-policy  RUNNING          -> AWAITING_REVIEW  [submit_result]
    task-s6-policy  AWAITING_REVIEW  -> DONE             [gate_pass]
    task-s6-finance  PENDING          -> DISPATCHED       [dispatch]
    task-s6-finance  DISPATCHED       -> RUNNING          [claim]
    task-s6-finance  RUNNING          -> AWAITING_REVIEW  [submit_result]
    task-s6-finance  AWAITING_REVIEW  -> BLOCKED          [gate_needs_human]
    task-s6-finance  BLOCKED          -> DONE             [human_approve]
    task-s6-payment  PENDING          -> DISPATCHED       [dispatch]
    task-s6-payment  DISPATCHED       -> RUNNING          [claim]
    task-s6-payment  RUNNING          -> AWAITING_REVIEW  [submit_result]
    task-s6-payment  AWAITING_REVIEW  -> DONE             [gate_pass]
    task-s6-notify  PENDING          -> DISPATCHED       [dispatch]
    task-s6-notify  DISPATCHED       -> RUNNING          [claim]
    task-s6-notify  RUNNING          -> AWAITING_REVIEW  [submit_result]
    task-s6-notify  AWAITING_REVIEW  -> DONE             [gate_pass]

  业务状态: settled（settled 只可能由 payment.observe 写入）
  核准金额: 6800.00（政策 v1，依据 ["AS-01@v1"]）
  支付观察: 1 条，终态 settled，actor=faca49d9…
  业务引用: 5 条（DAG -> 业务对象，只存引用不存副本）
  客户通知: 1 条，ack=未确认（needs_followup，不阻塞）
INFO  maos.worker  Worker w1 启动，可插拔 Agent: ['architecture', 'coding', 'refund_finance', 'refund_intake', 'refund_payment', 'refund_policy', 'requirement', 'reviewer', 'testing']
INFO  maos.cp      创建计划 plan_2869133c25a8，共 5 个任务
INFO  maos.cp      [task-s6-intake] PENDING -> DISPATCHED (dispatch)
INFO  maos.cp      [task-s6-intake] DISPATCHED -> RUNNING (claim)
INFO  maos.cp      [task-s6-intake] RUNNING -> AWAITING_REVIEW (submit_result)
INFO  maos.gate    [task-s6-intake] Gate {'schema': 'pass', 'acceptance': 'pass', 'security': 'pass', 'evidence': 'pass', 'compensation': 'pass', 'finance': 'pass', 'gateway': 'pass'} -> pass
INFO  maos.cp      [task-s6-intake] AWAITING_REVIEW -> DONE (gate_pass)
INFO  maos.cp      [task-s6-policy] PENDING -> DISPATCHED (dispatch)
INFO  maos.cp      [task-s6-policy] DISPATCHED -> RUNNING (claim)
INFO  maos.cp      [task-s6-policy] RUNNING -> AWAITING_REVIEW (submit_result)
INFO  maos.gate    [task-s6-policy] Gate {'schema': 'pass', 'acceptance': 'pass', 'security': 'pass', 'evidence': 'pass', 'compensation': 'pass', 'finance': 'pass', 'gateway': 'pass'} -> pass
INFO  maos.cp      [task-s6-policy] AWAITING_REVIEW -> DONE (gate_pass)
INFO  maos.cp      [task-s6-finance] PENDING -> DISPATCHED (dispatch)
INFO  maos.cp      [task-s6-finance] DISPATCHED -> RUNNING (claim)
INFO  maos.cp      [task-s6-finance] RUNNING -> AWAITING_REVIEW (submit_result)
INFO  maos.gate    [task-s6-finance] Gate {'schema': 'pass', 'acceptance': 'pass', 'security': 'pass', 'evidence': 'pass', 'compensation': 'pass', 'finance': 'pass', 'gateway': 'pass'} -> pass
INFO  maos.cp      [task-s6-finance] AWAITING_REVIEW -> BLOCKED (gate_needs_human)
INFO  maos.cp      [task-s6-finance] BLOCKED -> DONE (human_approve)
INFO  maos.cp      [task-s6-payment] PENDING -> DISPATCHED (dispatch)
INFO  maos.cp      [task-s6-payment] DISPATCHED -> RUNNING (claim)
INFO  maos.cp      [task-s6-payment] RUNNING -> AWAITING_REVIEW (submit_result)
INFO  maos.gate    [task-s6-payment] Gate {'schema': 'pass', 'acceptance': 'pass', 'security': 'pass', 'evidence': 'pass', 'compensation': 'pass', 'finance': 'pass', 'gateway': 'pass'} -> pass
INFO  maos.cp      [task-s6-payment] AWAITING_REVIEW -> DONE (gate_pass)
INFO  maos.cp      [task-s6-notify] PENDING -> DISPATCHED (dispatch)
INFO  maos.cp      [task-s6-notify] DISPATCHED -> RUNNING (claim)
INFO  maos.cp      [task-s6-notify] RUNNING -> AWAITING_REVIEW (submit_result)
INFO  maos.gate    [task-s6-notify] Gate {'schema': 'pass', 'acceptance': 'pass', 'security': 'pass', 'evidence': 'pass', 'compensation': 'pass', 'finance': 'pass', 'gateway': 'pass'} -> pass
INFO  maos.cp      [task-s6-notify] AWAITING_REVIEW -> DONE (gate_pass)
