# generated at 2026-09-14T05:22:04.471956+00:00 from ff8dd8ab57bdb3fedab40b5793117f8c8c29e502

====================================================================
场景 1：正常闭环（需求 -> 架构 -> 编码 -> 测试）
====================================================================
Plan: DONE  |  修复 demo/app 的 token 校验缺失
  · 归一化目标并给出验收标准                         DONE             attempt=1 risk=L
  · 产出架构契约                               DONE             attempt=1 risk=L
  · 修复 demo/app 的 token 校验缺失             DONE             attempt=1 risk=L
  · 沙箱回归验证                               DONE             attempt=1 risk=M
  状态迁移轨迹:
    s1-req  PENDING          -> DISPATCHED       [dispatch]
    s1-req  DISPATCHED       -> RUNNING          [claim]
    s1-req  RUNNING          -> AWAITING_REVIEW  [submit_result]
    s1-req  AWAITING_REVIEW  -> DONE             [gate_pass]
    s1-arch  PENDING          -> DISPATCHED       [dispatch]
    s1-arch  DISPATCHED       -> RUNNING          [claim]
    s1-arch  RUNNING          -> AWAITING_REVIEW  [submit_result]
    s1-arch  AWAITING_REVIEW  -> DONE             [gate_pass]
    s1-code  PENDING          -> DISPATCHED       [dispatch]
    s1-code  DISPATCHED       -> RUNNING          [claim]
    s1-code  RUNNING          -> AWAITING_REVIEW  [submit_result]
    s1-code  AWAITING_REVIEW  -> DONE             [gate_pass]
    s1-test  PENDING          -> DISPATCHED       [dispatch]
    s1-test  DISPATCHED       -> RUNNING          [claim]
    s1-test  RUNNING          -> AWAITING_REVIEW  [submit_result]
    s1-test  AWAITING_REVIEW  -> DONE             [gate_pass]
  沙箱回归（真跑）: 沙箱回归（容器隔离）：5 过 / 0 挂 / 0 错  duration=0.372s
    · tests.test_isolation_probe::test_no_network      passed
    · tests.test_isolation_probe::test_no_host_secrets passed
    · tests.test_isolation_probe::test_no_home_access  passed
    · tests.test_session::test_valid_session           passed
    · tests.test_session::test_expired_session         passed
  Reviewer 语义审查: status=ok 结论=契约与补丁名实相符，回归全过，可放行
INFO  maos.model   MAOS_FORCE_SCRIPTED 已设，本次强制走 ScriptedModelClient —— 环境里的 MAOS_LLM_BASE_URL/MAOS_LLM_API_KEY/MAOS_LLM_MODEL 一概不读，不发起任何网络请求（要真模型请用 --live-model）
INFO  maos.worker  Worker w1 启动，可插拔 Agent: ['ap_control', 'ap_intake', 'ap_match', 'ap_treasury', 'architecture', 'claim_adjudicator', 'claim_intake', 'claim_payment', 'claim_settlement', 'coding', 'investigation_cancel', 'investigation_classify', 'investigation_intake', 'investigation_observe', 'refund_channel', 'refund_evidence', 'refund_finance', 'refund_intake', 'refund_payment', 'refund_policy', 'refund_risk', 'requirement', 'reviewer', 'rtv_disposition', 'rtv_intake', 'rtv_logistics', 'rtv_reconcile', 'rtv_settlement', 'testing']
INFO  maos.cp      创建计划 plan_3f6de9750b81，共 4 个任务
INFO  maos.cp      [s1-req] PENDING -> DISPATCHED (dispatch)
INFO  maos.cp      [s1-req] DISPATCHED -> RUNNING (claim)
INFO  maos.cp      [s1-req] RUNNING -> AWAITING_REVIEW (submit_result)
INFO  maos.gate    [s1-req] Gate {'schema': 'pass', 'acceptance': 'pass', 'security': 'pass', 'evidence': 'pass', 'compensation': 'pass', 'finance': 'pass', 'gateway': 'pass'} -> pass
INFO  maos.cp      [s1-req] AWAITING_REVIEW -> DONE (gate_pass)
INFO  maos.cp      [s1-arch] PENDING -> DISPATCHED (dispatch)
INFO  maos.cp      [s1-arch] DISPATCHED -> RUNNING (claim)
INFO  maos.cp      [s1-arch] RUNNING -> AWAITING_REVIEW (submit_result)
INFO  maos.gate    [s1-arch] Gate {'schema': 'pass', 'acceptance': 'pass', 'security': 'pass', 'evidence': 'pass', 'compensation': 'pass', 'finance': 'pass', 'gateway': 'pass'} -> pass
INFO  maos.cp      [s1-arch] AWAITING_REVIEW -> DONE (gate_pass)
INFO  maos.cp      [s1-code] PENDING -> DISPATCHED (dispatch)
INFO  maos.cp      [s1-code] DISPATCHED -> RUNNING (claim)
INFO  maos.cp      [s1-code] RUNNING -> AWAITING_REVIEW (submit_result)
INFO  maos.flows   [s1-code] attempt=1 沙箱回归：沙箱回归（容器隔离）：5 过 / 0 挂 / 0 错
INFO  maos.gate    [s1-code] Gate {'schema': 'pass', 'acceptance': 'pass', 'security': 'pass', 'evidence': 'pass', 'compensation': 'pass', 'finance': 'pass', 'gateway': 'pass'} -> pass
INFO  maos.cp      [s1-code] AWAITING_REVIEW -> DONE (gate_pass)
INFO  maos.cp      [s1-test] PENDING -> DISPATCHED (dispatch)
INFO  maos.cp      [s1-test] DISPATCHED -> RUNNING (claim)
INFO  maos.cp      [s1-test] RUNNING -> AWAITING_REVIEW (submit_result)
INFO  maos.gate    [s1-test] Gate {'schema': 'pass', 'acceptance': 'pass', 'security': 'pass', 'evidence': 'pass', 'compensation': 'pass', 'finance': 'pass', 'gateway': 'pass'} -> pass
INFO  maos.cp      [s1-test] AWAITING_REVIEW -> DONE (gate_pass)
INFO  maos.finalizer [plan_3f6de9750b81] 复盘完成，沉淀 1 条
