# generated at 2026-08-29T16:22:53.069726+00:00 from 3d504b12e70b40e601d68503c87035b685f45740

====================================================================
场景 2：返工闭环（第 1 轮用例真挂，findings 喂回后第 2 轮修好）
====================================================================
Plan: DONE  |  修复 demo/app 的会话过期判定
  · 归一化目标并给出验收标准                         DONE             attempt=1 risk=L
  · 产出架构契约（第一轮不完整）                       DONE             attempt=1 risk=L
  · 修复 demo/app 的会话过期判定                  DONE             attempt=2 risk=L
  · 沙箱回归验证                               DONE             attempt=1 risk=M
  状态迁移轨迹:
    s2-req  PENDING          -> DISPATCHED       [dispatch]
    s2-req  DISPATCHED       -> RUNNING          [claim]
    s2-req  RUNNING          -> AWAITING_REVIEW  [submit_result]
    s2-req  AWAITING_REVIEW  -> DONE             [gate_pass]
    s2-arch  PENDING          -> DISPATCHED       [dispatch]
    s2-arch  DISPATCHED       -> RUNNING          [claim]
    s2-arch  RUNNING          -> AWAITING_REVIEW  [submit_result]
    s2-arch  AWAITING_REVIEW  -> DONE             [gate_pass]
    s2-code  PENDING          -> DISPATCHED       [dispatch]
    s2-code  DISPATCHED       -> RUNNING          [claim]
    s2-code  RUNNING          -> AWAITING_REVIEW  [submit_result]
    s2-code  AWAITING_REVIEW  -> REWORK           [gate_rework]
    s2-code  REWORK           -> PENDING          [requeue]
    s2-code  PENDING          -> DISPATCHED       [dispatch]
    s2-code  DISPATCHED       -> RUNNING          [claim]
    s2-code  RUNNING          -> AWAITING_REVIEW  [submit_result]
    s2-code  AWAITING_REVIEW  -> DONE             [gate_pass]
    s2-test  PENDING          -> DISPATCHED       [dispatch]
    s2-test  DISPATCHED       -> RUNNING          [claim]
    s2-test  RUNNING          -> AWAITING_REVIEW  [submit_result]
    s2-test  AWAITING_REVIEW  -> DONE             [gate_pass]
  第 1 轮喂回的 findings: [{"gate": "acceptance", "severity": "major", "path": null, "id": "tests.test_session::test_expired_session", "msg": "AssertionError: 没到 TTL 就被判过期了\nassert False\n +  where False = is_session_valid(dat
  Reviewer 语义审查: status=ok
INFO  maos.worker  Worker w1 启动，可插拔 Agent: ['architecture', 'coding', 'refund_channel', 'refund_finance', 'refund_intake', 'refund_payment', 'refund_policy', 'requirement', 'reviewer', 'testing']
INFO  maos.cp      创建计划 plan_6f3622b31398，共 4 个任务
INFO  maos.cp      [s2-req] PENDING -> DISPATCHED (dispatch)
INFO  maos.cp      [s2-req] DISPATCHED -> RUNNING (claim)
INFO  maos.cp      [s2-req] RUNNING -> AWAITING_REVIEW (submit_result)
INFO  maos.gate    [s2-req] Gate {'schema': 'pass', 'acceptance': 'pass', 'security': 'pass', 'evidence': 'pass', 'compensation': 'pass', 'finance': 'pass', 'gateway': 'pass'} -> pass
INFO  maos.cp      [s2-req] AWAITING_REVIEW -> DONE (gate_pass)
INFO  maos.cp      [s2-arch] PENDING -> DISPATCHED (dispatch)
INFO  maos.cp      [s2-arch] DISPATCHED -> RUNNING (claim)
INFO  maos.cp      [s2-arch] RUNNING -> AWAITING_REVIEW (submit_result)
INFO  maos.gate    [s2-arch] Gate {'schema': 'pass', 'acceptance': 'pass', 'security': 'pass', 'evidence': 'pass', 'compensation': 'pass', 'finance': 'pass', 'gateway': 'pass'} -> pass
INFO  maos.cp      [s2-arch] AWAITING_REVIEW -> DONE (gate_pass)
INFO  maos.cp      [s2-code] PENDING -> DISPATCHED (dispatch)
INFO  maos.cp      [s2-code] DISPATCHED -> RUNNING (claim)
INFO  maos.cp      [s2-code] RUNNING -> AWAITING_REVIEW (submit_result)
INFO  maos.flows   [s2-code] attempt=1 沙箱回归：沙箱回归（容器隔离）：4 过 / 1 挂 / 0 错
INFO  maos.gate    [s2-code] Gate {'schema': 'pass', 'acceptance': 'fail', 'security': 'pass', 'evidence': 'pass', 'compensation': 'pass', 'finance': 'pass', 'gateway': 'pass'} -> rework
INFO  maos.cp      [s2-code] AWAITING_REVIEW -> REWORK (gate_rework)
INFO  maos.cp      [s2-code] REWORK -> PENDING (requeue)
INFO  maos.cp      [s2-code] PENDING -> DISPATCHED (dispatch)
INFO  maos.cp      [s2-code] DISPATCHED -> RUNNING (claim)
INFO  maos.cp      [s2-code] RUNNING -> AWAITING_REVIEW (submit_result)
INFO  maos.flows   [s2-code] attempt=2 沙箱回归：沙箱回归（容器隔离）：5 过 / 0 挂 / 0 错
INFO  maos.gate    [s2-code] Gate {'schema': 'pass', 'acceptance': 'pass', 'security': 'pass', 'evidence': 'pass', 'compensation': 'pass', 'finance': 'pass', 'gateway': 'pass'} -> pass
INFO  maos.cp      [s2-code] AWAITING_REVIEW -> DONE (gate_pass)
INFO  maos.cp      [s2-test] PENDING -> DISPATCHED (dispatch)
INFO  maos.cp      [s2-test] DISPATCHED -> RUNNING (claim)
INFO  maos.cp      [s2-test] RUNNING -> AWAITING_REVIEW (submit_result)
INFO  maos.gate    [s2-test] Gate {'schema': 'pass', 'acceptance': 'pass', 'security': 'pass', 'evidence': 'pass', 'compensation': 'pass', 'finance': 'pass', 'gateway': 'pass'} -> pass
INFO  maos.cp      [s2-test] AWAITING_REVIEW -> DONE (gate_pass)
