# generated at 2026-09-12T10:04:32.122835+00:00 from 6aa1a4541820c0bef97a28492a90e5c9cf3476b3

待人工审批: ['变更生产环境配置']

====================================================================
场景 3：高风险人工审批
====================================================================
Plan: DONE  |  高风险变更需人工放行
  · 变更生产环境配置                             DONE             attempt=1 risk=M
  状态迁移轨迹:
    task_28f32704581d  PENDING          -> DISPATCHED       [dispatch]
    task_28f32704581d  DISPATCHED       -> RUNNING          [claim]
    task_28f32704581d  RUNNING          -> AWAITING_REVIEW  [submit_result]
    task_28f32704581d  AWAITING_REVIEW  -> BLOCKED          [gate_needs_human]
    task_28f32704581d  BLOCKED          -> DONE             [human_approve]
INFO  maos.worker  Worker w1 启动，可插拔 Agent: ['ap_control', 'ap_intake', 'ap_match', 'ap_treasury', 'architecture', 'claim_adjudicator', 'claim_intake', 'claim_payment', 'claim_settlement', 'coding', 'investigation_cancel', 'investigation_classify', 'investigation_intake', 'investigation_observe', 'refund_channel', 'refund_evidence', 'refund_finance', 'refund_intake', 'refund_payment', 'refund_policy', 'refund_risk', 'requirement', 'reviewer', 'rtv_disposition', 'rtv_intake', 'rtv_logistics', 'rtv_reconcile', 'rtv_settlement', 'testing']
INFO  maos.cp      创建计划 plan_7bcdc25c6f06，共 1 个任务
INFO  maos.cp      [task_28f32704581d] PENDING -> DISPATCHED (dispatch)
INFO  maos.cp      [task_28f32704581d] DISPATCHED -> RUNNING (claim)
INFO  maos.cp      [task_28f32704581d] 已附着补偿引用 -> attempt=1
INFO  maos.cp      [task_28f32704581d] RUNNING -> AWAITING_REVIEW (submit_result)
INFO  maos.gate    [task_28f32704581d] Gate {'schema': 'pass', 'acceptance': 'pass', 'security': 'pass', 'evidence': 'pass', 'compensation': 'pass', 'finance': 'pass', 'gateway': 'pass'} -> pass
INFO  maos.cp      [task_28f32704581d] AWAITING_REVIEW -> BLOCKED (gate_needs_human)
INFO  maos.cp      [task_28f32704581d] BLOCKED -> DONE (human_approve)
INFO  maos.finalizer [plan_7bcdc25c6f06] 复盘完成，沉淀 1 条
